---
source: src/components/session.rs
expression: "&session.data"
---
messages:
  - message:
      PromptMessage:
        role: user
        content: ""
    stylized: "\u001b[38;5;238m\u001b[0m\n\u001b[38;5;231mPrompt: \u001b[0m\n\u001b[38;5;238m\u001b[0m\n"
    finished: false
  - message:
      ChatCompletionResponseMessage:
        Response:
          index: 0
          message:
            role: user
            content: test response data
            function_call: ~
          finish_reason: STOP
    stylized: "\u001b[38;5;238m\u001b[0m\n\u001b[38;5;231mtest response data\u001b[0m\n\u001b[38;5;238m\u001b[0m\n"
    finished: true
  - message:
      ChatCompletionResponseMessage:
        StreamResponse:
          - index: 0
            delta:
              role: assistant
              content: twothree
              function_call: ~
            finish_reason: stop
    stylized: "\u001b[38;5;238m\u001b[0m\n\u001b[38;5;231mtwothree\u001b[0m\n\u001b[38;5;238m\u001b[0m\n"
    finished: true

