---
source: tests/stream_response_test.rs
expression: "&session.data"
---
messages:
  - message:
      ChatCompletionRequestMessage:
        role: user
        content: Hello World
    stylized: "Hello World---\n"
    finished: false
  - message:
      ChatCompletionResponseMessage:
        StreamResponse:
          - index: 0
            delta:
              role: assistant
              content: Hello! How can I assist you today?
              function_call: ~
            finish_reason: stop
    stylized: "Hello! How can I assist you today?---\n"
    finished: false

